<?xml version="1.0" encoding="utf-8"?><testsuites name="pytest tests"><testsuite name="pytest" errors="0" failures="0" skipped="0" tests="3" time="0.030" timestamp="2026-02-07T19:24:25.050438+05:30" hostname="DESKTOP-LOCDUQM"><testcase classname="test_login" name="test_valid_login" time="0.000" /><testcase classname="test_smoke" name="test_example_1" time="0.001" /><testcase classname="test_smoke" name="test_example_2" time="0.000" /></testsuite></testsuites>